// Jest Snapshot v1, https://goo.gl/fbAQLP

exports[`UserScreen should render correctly 1`] = `
<styled.div>
  <AddName />
  <styled.span>
    Please select your respone
  </styled.span>
  <Options />
</styled.div>
`;
