// Jest Snapshot v1, https://goo.gl/fbAQLP

exports[`ComputerScreen should render correctly 1`] = `
<styled.div>
  <styled.p>
     Computer's Options:
  </styled.p>
  <Options />
</styled.div>
`;
